// Jest Snapshot v1, https://goo.gl/fbAQLP

exports[`Renders correctly 1`] = `
<View
  style={
    Object {
      "alignItems": "center",
      "justifyContent": "center",
    }
  }
>
  <Text
    accessible={true}
    allowFontScaling={true}
    ellipsizeMode="tail"
    style={
      Object {
        "fontSize": 11,
        "marginLeft": 10,
        "marginRight": 10,
        "textAlign": "center",
      }
    }
  >
    Go to settings to activate global pedometer
  </Text>
  <View
    style={
      Object {
        "alignItems": "center",
        "borderColor": "#361e81",
        "borderRadius": 100,
        "borderWidth": 2,
        "justifyContent": "center",
        "marginTop": 5,
        "minHeight": 62,
        "minWidth": 62,
      }
    }
  />
</View>
`;
